{
    "PHYLOWGS_CREATEINPUT - txt - stub": {
        "content": [
            {
                "0": [
                    [
                        {
                            "id": "test",
                            "single_end": false
                        },
                        "cnv_data.txt:md5,d41d8cd98f00b204e9800998ecf8427e",
                        "ssm_data.txt:md5,d41d8cd98f00b204e9800998ecf8427e"
                    ]
                ],
                "1": [
                    "versions.yml:md5,c1620c9a82e06c6ccd1e8465cc928648"
                ],
                "phylowgsinput": [
                    [
                        {
                            "id": "test",
                            "single_end": false
                        },
                        "cnv_data.txt:md5,d41d8cd98f00b204e9800998ecf8427e",
                        "ssm_data.txt:md5,d41d8cd98f00b204e9800998ecf8427e"
                    ]
                ],
                "versions": [
                    "versions.yml:md5,c1620c9a82e06c6ccd1e8465cc928648"
                ]
            }
        ],
        "meta": {
            "nf-test": "0.9.2",
            "nextflow": "24.10.4"
        },
        "timestamp": "2025-03-03T15:59:43.605713284"
    },
    "PHYLOWGS_CREATEINPUT - txt": {
        "content": [
            {
                "0": [
                    [
                        {
                            "id": "test",
                            "single_end": false
                        },
                        "cnv_data.txt:md5,1a3d26484389d5b3b35d20ac5e01f32c",
                        "ssm_data.txt:md5,3a23e8d67f32ea13edb62882952f4122"
                    ]
                ],
                "1": [
                    "versions.yml:md5,c1620c9a82e06c6ccd1e8465cc928648"
                ],
                "phylowgsinput": [
                    [
                        {
                            "id": "test",
                            "single_end": false
                        },
                        "cnv_data.txt:md5,1a3d26484389d5b3b35d20ac5e01f32c",
                        "ssm_data.txt:md5,3a23e8d67f32ea13edb62882952f4122"
                    ]
                ],
                "versions": [
                    "versions.yml:md5,c1620c9a82e06c6ccd1e8465cc928648"
                ]
            }
        ],
        "meta": {
            "nf-test": "0.9.2",
            "nextflow": "24.10.4"
        },
        "timestamp": "2025-03-03T15:59:38.659729442"
    }
}