{
    "test normal ": {
        "content": [
            {
                "0": [
                    [
                        {
                            "id": "test"
                        },
                        "test_annotated.maf:md5,4547e768939e82f6d1f44e1c64b64c3a"
                    ]
                ],
                "1": [
                    "versions.yml:md5,d11163e0a6bf41b0a3de47036e5f90e3"
                ],
                "annotated_maf": [
                    [
                        {
                            "id": "test"
                        },
                        "test_annotated.maf:md5,4547e768939e82f6d1f44e1c64b64c3a"
                    ]
                ],
                "versions": [
                    "versions.yml:md5,d11163e0a6bf41b0a3de47036e5f90e3"
                ]
            }
        ],
        "timestamp": "2024-06-24T13:11:46.963057"
    }
}