{
    "netmhcpan - WT - xls,output,fa": {
        "content": [
            [
                "versions.yml:md5,35ec563839ee27410cf9f8d134c6e8e5"
            ],
            {
                "id": "test",
                "single_end": false,
                "typeMut": false,
                "fromStab": false
            },
            "test.WT.xls",
            "test.WT.netmhcpan.output"
        ],
        "timestamp": "2024-05-03T13:49:45.932532"
    },
    "netmhcpan - xls,output,fa - stub": {
        "content": [
            [
                "versions.yml:md5,35ec563839ee27410cf9f8d134c6e8e5"
            ],
            {
                "id": "test",
                "single_end": false,
                "typeMut": true,
                "fromStab": false
            },
            "test.MUT.xls",
            "test.MUT.netmhcpan.output"
        ],
        "timestamp": "2024-05-03T13:49:54.704381"
    },
    "netmhcpan - MUT - xls,output,fa": {
        "content": [
            [
                "versions.yml:md5,35ec563839ee27410cf9f8d134c6e8e5"
            ],
            {
                "id": "test",
                "single_end": false,
                "typeMut": true,
                "fromStab": false
            },
            "test.MUT.xls",
            "test.MUT.netmhcpan.output"
        ],
        "timestamp": "2024-05-03T13:49:33.972805"
    }
}