{
    "neoantigenutils_neoantigeninput - json,tsv - stub": {
        "content": [
            {
                "0": [
                    [
                        {
                            "id": "test",
                            "single_end": false
                        },
                        "test_patient_test_.json:md5,d41d8cd98f00b204e9800998ecf8427e"
                    ]
                ],
                "1": [
                    "versions.yml:md5,4815d54ee3ae0778628a1e51b4b21d9b"
                ],
                "json": [
                    [
                        {
                            "id": "test",
                            "single_end": false
                        },
                        "test_patient_test_.json:md5,d41d8cd98f00b204e9800998ecf8427e"
                    ]
                ],
                "versions": [
                    "versions.yml:md5,4815d54ee3ae0778628a1e51b4b21d9b"
                ]
            }
        ],
        "meta": {
            "nf-test": "0.8.4",
            "nextflow": "24.04.2"
        },
        "timestamp": "2024-07-01T16:08:47.586409668"
    },
    "neoantigenutils_neoantigeninput - json,tsv": {
        "content": [
            {
                "0": [
                    [
                        {
                            "id": "test",
                            "single_end": false
                        },
                        "test_patient_test_.json:md5,a4442316ba2b6f404b8eb42dd6558eae"
                    ]
                ],
                "1": [
                    "versions.yml:md5,4815d54ee3ae0778628a1e51b4b21d9b"
                ],
                "json": [
                    [
                        {
                            "id": "test",
                            "single_end": false
                        },
                        "test_patient_test_.json:md5,a4442316ba2b6f404b8eb42dd6558eae"
                    ]
                ],
                "versions": [
                    "versions.yml:md5,4815d54ee3ae0778628a1e51b4b21d9b"
                ]
            }
        ],
        "meta": {
            "nf-test": "0.8.4",
            "nextflow": "24.04.2"
        },
        "timestamp": "2024-07-01T16:08:31.862365529"
    }
}