{
    "neoantigenutils_generatemutfasta - maf - fasta": {
        "content": [
            {
                "0": [
                    [
                        {
                            "id": "test",
                            "single_end": false
                        },
                        "test.MUT_sequences.fa:md5,c236ca28e7c658b74377c19437d7c5ab"
                    ]
                ],
                "1": [
                    [
                        {
                            "id": "test",
                            "single_end": false
                        },
                        "test.WT_sequences.fa:md5,b1a6ea2978a6624c98112e8118658495"
                    ]
                ],
                "2": [
                    "versions.yml:md5,0fa44b299ab4ec385f2cc6831bbc6923"
                ],
                "mut_fasta": [
                    [
                        {
                            "id": "test",
                            "single_end": false
                        },
                        "test.MUT_sequences.fa:md5,c236ca28e7c658b74377c19437d7c5ab"
                    ]
                ],
                "versions": [
                    "versions.yml:md5,0fa44b299ab4ec385f2cc6831bbc6923"
                ],
                "wt_fasta": [
                    [
                        {
                            "id": "test",
                            "single_end": false
                        },
                        "test.WT_sequences.fa:md5,b1a6ea2978a6624c98112e8118658495"
                    ]
                ]
            }
        ],
        "meta": {
            "nf-test": "0.9.2",
            "nextflow": "24.10.1"
        },
        "timestamp": "2024-11-22T17:16:33.363826904"
    },
    "neoantigenutils_generatemutfasta - maf - fasta - stub": {
        "content": [
            {
                "0": [
                    [
                        {
                            "id": "test",
                            "single_end": false
                        },
                        "test.MUT_sequences.fa:md5,d41d8cd98f00b204e9800998ecf8427e"
                    ]
                ],
                "1": [
                    [
                        {
                            "id": "test",
                            "single_end": false
                        },
                        "test.WT_sequences.fa:md5,d41d8cd98f00b204e9800998ecf8427e"
                    ]
                ],
                "2": [
                    "versions.yml:md5,0fa44b299ab4ec385f2cc6831bbc6923"
                ],
                "mut_fasta": [
                    [
                        {
                            "id": "test",
                            "single_end": false
                        },
                        "test.MUT_sequences.fa:md5,d41d8cd98f00b204e9800998ecf8427e"
                    ]
                ],
                "versions": [
                    "versions.yml:md5,0fa44b299ab4ec385f2cc6831bbc6923"
                ],
                "wt_fasta": [
                    [
                        {
                            "id": "test",
                            "single_end": false
                        },
                        "test.WT_sequences.fa:md5,d41d8cd98f00b204e9800998ecf8427e"
                    ]
                ]
            }
        ],
        "meta": {
            "nf-test": "0.9.2",
            "nextflow": "24.10.1"
        },
        "timestamp": "2024-11-22T17:16:40.580416341"
    }
}