{
    "netmhcpan4 - WT - xls,output,fa": {
        "content": [
            [
                "versions.yml:md5,25030ae1a63e68bd94347a4d30cc2413"
            ],
            {
                "id": "test",
                "single_end": false,
                "typeMut": false,
                "fromStab": false,
                "typePan": true
            },
            "test.WT.xls",
            "test.WT.netmhcpan.output"
        ],
        "meta": {
            "nf-test": "0.9.2",
            "nextflow": "24.10.1"
        },
        "timestamp": "2024-11-25T10:29:28.616914826"
    },
    "netmhcpan4 - MUT - xls,output,fa": {
        "content": [
            [
                "versions.yml:md5,25030ae1a63e68bd94347a4d30cc2413"
            ],
            {
                "id": "test",
                "single_end": false,
                "typeMut": true,
                "fromStab": false,
                "typePan": true
            },
            "test.MUT.xls",
            "test.MUT.netmhcpan.output"
        ],
        "meta": {
            "nf-test": "0.9.2",
            "nextflow": "24.10.1"
        },
        "timestamp": "2024-11-25T10:26:02.108432464"
    },
    "netmhcpan4 - xls,output,fa - stub": {
        "content": [
            [
                "versions.yml:md5,25030ae1a63e68bd94347a4d30cc2413"
            ],
            {
                "id": "test",
                "single_end": false,
                "typeMut": true,
                "fromStab": false,
                "typePan": true
            },
            "test.MUT.xls",
            "test.MUT.netmhcpan.output"
        ],
        "meta": {
            "nf-test": "0.9.2",
            "nextflow": "24.10.1"
        },
        "timestamp": "2024-11-25T10:29:33.956254062"
    },
    "netmhcpan4 - MUT,SV - xls,output,fa": {
        "content": [
            [
                "versions.yml:md5,25030ae1a63e68bd94347a4d30cc2413"
            ],
            {
                "id": "test",
                "single_end": false,
                "typeMut": true,
                "fromStab": false,
                "typePan": true
            },
            "test.MUT.xls",
            "test.MUT.netmhcpan.output"
        ],
        "meta": {
            "nf-test": "0.9.2",
            "nextflow": "24.10.1"
        },
        "timestamp": "2024-11-25T10:20:37.334041838"
    },
    "netmhcpan4 - WT,SV - xls,output,fa": {
        "content": [
            [
                "versions.yml:md5,25030ae1a63e68bd94347a4d30cc2413"
            ],
            {
                "id": "test",
                "single_end": false,
                "typeMut": false,
                "fromStab": false,
                "typePan": true
            },
            "test.WT.xls",
            "test.WT.netmhcpan.output"
        ],
        "meta": {
            "nf-test": "0.9.2",
            "nextflow": "24.10.1"
        },
        "timestamp": "2024-11-25T10:24:39.739383639"
    }
}