{
    "netmhcstabpan - MUT - xls,output,fa": {
        "content": [
            [
                "versions.yml:md5,d1b3afd365748a44098c5642fad6c94a"
            ],
            {
                "id": "test",
                "single_end": false,
                "typeMut": true,
                "fromStab": true
            },
            "test.MUT.netmhcstabpan.output"
        ],
        "meta": {
            "nf-test": "0.8.4",
            "nextflow": "24.04.2"
        },
        "timestamp": "2024-06-13T11:11:05.586612"
    },
    "netmhcstabpan - xls,output,fa - stub": {
        "content": [
            [
                "versions.yml:md5,d1b3afd365748a44098c5642fad6c94a"
            ],
            {
                "id": "test",
                "single_end": false,
                "typeMut": true,
                "fromStab": true
            },
            "test.MUT.netmhcstabpan.output"
        ],
        "meta": {
            "nf-test": "0.8.4",
            "nextflow": "24.04.2"
        },
        "timestamp": "2024-06-13T11:12:06.099529"
    },
    "netmhcstabpan - WT - xls,output,fa": {
        "content": [
            [
                "versions.yml:md5,d1b3afd365748a44098c5642fad6c94a"
            ],
            {
                "id": "test",
                "single_end": false,
                "typeMut": false,
                "fromStab": true
            },
            "test.WT.netmhcstabpan.output"
        ],
        "meta": {
            "nf-test": "0.8.4",
            "nextflow": "24.04.2"
        },
        "timestamp": "2024-06-13T11:12:01.701587"
    }
}