{
    "phylowgs_multievolve - zip": {
        "content": [
            "trees.zip"
        ],
        "timestamp": "2024-06-11T18:01:56.174868"
    },
    "phylowgs_multievolve - zip - stub": {
        "content": [
            {
                "0": [
                    [
                        {
                            "id": "test",
                            "single_end": false
                        },
                        "trees.zip:md5,d41d8cd98f00b204e9800998ecf8427e"
                    ]
                ],
                "1": [
                    "versions.yml:md5,2eaafdf0e85898fdc2e5d40dbbfee2f7"
                ],
                "trees": [
                    [
                        {
                            "id": "test",
                            "single_end": false
                        },
                        "trees.zip:md5,d41d8cd98f00b204e9800998ecf8427e"
                    ]
                ],
                "versions": [
                    "versions.yml:md5,2eaafdf0e85898fdc2e5d40dbbfee2f7"
                ]
            }
        ],
        "timestamp": "2024-06-11T18:02:03.678335"
    }
}